// Jest Snapshot v1, https://goo.gl/fbAQLP

exports[`Rendered comment should match snapshot 1`] = `
"<div class=\\"isso-comment isso-no-votes\\" id=\\"isso-2\\" data-hash=\\"4505c1eeda98\\"><div class=\\"isso-avatar\\"><svg version=\\"1.1\\" viewBox=\\"0 0 48 48\\" preserveAspectRatio=\\"xMinYMin meet\\" shape-rendering=\\"crispEdges\\" data-hash=\\"4505c1eeda98\\"><rect x=\\"0\\" y=\\"0\\" width=\\"56\\" height=\\"56\\" style=\\"fill: #f0f0f0\\"></rect><rect x=\\"4\\" y=\\"4\\" width=\\"8\\" height=\\"8\\" style=\\"fill: #\\"></rect><rect x=\\"36\\" y=\\"4\\" width=\\"8\\" height=\\"8\\" style=\\"fill: #\\"></rect><rect x=\\"4\\" y=\\"20\\" width=\\"8\\" height=\\"8\\" style=\\"fill: #\\"></rect><rect x=\\"36\\" y=\\"20\\" width=\\"8\\" height=\\"8\\" style=\\"fill: #\\"></rect><rect x=\\"4\\" y=\\"28\\" width=\\"8\\" height=\\"8\\" style=\\"fill: #\\"></rect><rect x=\\"36\\" y=\\"28\\" width=\\"8\\" height=\\"8\\" style=\\"fill: #\\"></rect><rect x=\\"12\\" y=\\"4\\" width=\\"8\\" height=\\"8\\" style=\\"fill: #\\"></rect><rect x=\\"28\\" y=\\"4\\" width=\\"8\\" height=\\"8\\" style=\\"fill: #\\"></rect><rect x=\\"12\\" y=\\"12\\" width=\\"8\\" height=\\"8\\" style=\\"fill: #\\"></rect><rect x=\\"28\\" y=\\"12\\" width=\\"8\\" height=\\"8\\" style=\\"fill: #\\"></rect><rect x=\\"12\\" y=\\"28\\" width=\\"8\\" height=\\"8\\" style=\\"fill: #\\"></rect><rect x=\\"28\\" y=\\"28\\" width=\\"8\\" height=\\"8\\" style=\\"fill: #\\"></rect><rect x=\\"20\\" y=\\"4\\" width=\\"8\\" height=\\"8\\" style=\\"fill: #\\"></rect><rect x=\\"20\\" y=\\"28\\" width=\\"8\\" height=\\"8\\" style=\\"fill: #\\"></rect><rect x=\\"20\\" y=\\"36\\" width=\\"8\\" height=\\"8\\" style=\\"fill: #\\"></rect></svg></div><div class=\\"isso-text-wrapper\\"><div class=\\"isso-comment-header\\" role=\\"meta\\"><a class=\\"isso-author\\" href=\\"http://website.org\\" rel=\\"nofollow\\">John</a><span class=\\"isso-spacer\\">â€¢</span><a class=\\"isso-permalink\\" href=\\"#isso-2\\"><time title=\\"Thu May 05 2022 10:00:00 GMT+0000 (Coordinated Universal Time)\\" datetime=\\"2022-05-05T10:00:00Z\\">an hour ago</time></a><span class=\\"isso-note\\"></span></div><div class=\\"isso-text\\"><p>A comment with</p>
<pre><code>code blocks
New line: preformatted

Double newline
</code></pre></div><div class=\\"isso-comment-footer\\"><span class=\\"isso-votes\\"></span><a class=\\"isso-upvote\\" href=\\"#\\"><svg></svg></a><span class=\\"isso-spacer\\">|</span><a class=\\"isso-downvote\\" href=\\"#\\"><svg></svg></a><a class=\\"isso-reply\\" data-textreply=\\"Reply\\" data-textclose=\\"Close\\" href=\\"#\\">Reply</a></div></div><div class=\\"isso-follow-up\\"></div></div>"
`;
