// Jest Snapshot v1, https://goo.gl/fbAQLP

exports[`Render whole widget 1`] = `
"<h4 class=\\"isso-thread-heading\\">4 Comments</h4><div class=\\"isso-postbox\\"><div class=\\"isso-form-wrapper\\"><div class=\\"isso-textarea-wrapper\\"><div class=\\"isso-textarea isso-placeholder\\" data-text-placeholder=\\"Type Comment Here (at least 3 chars)\\" contenteditable=\\"true\\">Type Comment Here (at least 3 chars)</div><div class=\\"isso-preview\\"><div class=\\"isso-comment\\"><div class=\\"isso-text-wrapper\\"><div class=\\"isso-text\\"></div></div></div></div></div><section class=\\"isso-auth-section\\"><p class=\\"isso-input-wrapper\\"><label for=\\"isso-postbox-author\\">Name (optional)</label><input id=\\"isso-postbox-author\\" type=\\"text\\" name=\\"author\\" placeholder=\\"John Doe\\" value=\\"\\"></p><p class=\\"isso-input-wrapper\\"><label for=\\"isso-postbox-email\\">E-mail (optional)</label><input id=\\"isso-postbox-email\\" type=\\"email\\" name=\\"email\\" placeholder=\\"johndoe@example.com\\" value=\\"\\"></p><p class=\\"isso-input-wrapper\\"><label for=\\"isso-postbox-website\\">Website (optional)</label><input id=\\"isso-postbox-website\\" type=\\"text\\" name=\\"website\\" placeholder=\\"https://example.com\\" value=\\"\\"></p><p class=\\"isso-post-action\\"><input type=\\"submit\\" value=\\"Submit\\"></p><p class=\\"isso-post-action\\"><input type=\\"button\\" name=\\"preview\\" value=\\"Preview\\"></p><p class=\\"isso-post-action\\"><input type=\\"button\\" name=\\"edit\\" value=\\"Edit\\"></p></section><section class=\\"isso-notification-section\\" style=\\"display: none;\\"><label><input type=\\"checkbox\\" name=\\"notification\\">Subscribe to email notification of replies</label></section></div></div><div id=\\"isso-root\\"><div class=\\"isso-comment\\" id=\\"isso-1\\" data-hash=\\"1548cf654b4d\\"><div class=\\"isso-avatar\\"><svg version=\\"1.1\\" viewBox=\\"0 0 48 48\\" preserveAspectRatio=\\"xMinYMin meet\\" shape-rendering=\\"crispEdges\\" data-hash=\\"1548cf654b4d\\"><rect x=\\"0\\" y=\\"0\\" width=\\"56\\" height=\\"56\\" style=\\"fill: #f0f0f0\\"></rect><rect x=\\"4\\" y=\\"12\\" width=\\"8\\" height=\\"8\\" style=\\"fill: #f19670\\"></rect><rect x=\\"36\\" y=\\"12\\" width=\\"8\\" height=\\"8\\" style=\\"fill: #f19670\\"></rect><rect x=\\"4\\" y=\\"28\\" width=\\"8\\" height=\\"8\\" style=\\"fill: #f19670\\"></rect><rect x=\\"36\\" y=\\"28\\" width=\\"8\\" height=\\"8\\" style=\\"fill: #f19670\\"></rect><rect x=\\"12\\" y=\\"12\\" width=\\"8\\" height=\\"8\\" style=\\"fill: #f19670\\"></rect><rect x=\\"28\\" y=\\"12\\" width=\\"8\\" height=\\"8\\" style=\\"fill: #f19670\\"></rect><rect x=\\"12\\" y=\\"28\\" width=\\"8\\" height=\\"8\\" style=\\"fill: #f19670\\"></rect><rect x=\\"28\\" y=\\"28\\" width=\\"8\\" height=\\"8\\" style=\\"fill: #f19670\\"></rect><rect x=\\"12\\" y=\\"36\\" width=\\"8\\" height=\\"8\\" style=\\"fill: #f19670\\"></rect><rect x=\\"28\\" y=\\"36\\" width=\\"8\\" height=\\"8\\" style=\\"fill: #f19670\\"></rect><rect x=\\"20\\" y=\\"12\\" width=\\"8\\" height=\\"8\\" style=\\"fill: #f19670\\"></rect><rect x=\\"20\\" y=\\"36\\" width=\\"8\\" height=\\"8\\" style=\\"fill: #f19670\\"></rect></svg></div><div class=\\"isso-text-wrapper\\"><div class=\\"isso-comment-header\\" role=\\"meta\\"><a class=\\"isso-author\\" href=\\"https://example.org\\" rel=\\"nofollow\\">Sue</a><span class=\\"isso-spacer\\">•</span><a class=\\"isso-permalink\\" href=\\"#isso-1\\"><time title=\\"Thu May 05 2022 17:05:53 GMT+0000 (Coordinated Universal Time)\\" datetime=\\"2022-05-05T17:05:53Z\\">right now</time></a><span class=\\"isso-note\\"></span></div><div class=\\"isso-text\\"><p>Hi John, thank you for this wonderful article!</p>

<p>However, I still struggle with <em>how</em> to apply the <a href=\\"https://example.org/thing\\" rel=\\"nofollow noopener\\">thing you mentioned</a> to my own use case. I've tried using the <code>malleable logarithmic casing</code> you suggested, but somehow my <strong>Turbo encabulator</strong> still experiences side fumbling.</p>

<p>Any further ideas?</p></div><div class=\\"isso-comment-footer\\"><span class=\\"isso-votes\\">7</span><a class=\\"isso-upvote\\" href=\\"#\\"><svg></svg></a><span class=\\"isso-spacer\\">|</span><a class=\\"isso-downvote\\" href=\\"#\\"><svg></svg></a><a class=\\"isso-reply\\" data-textreply=\\"Reply\\" data-textclose=\\"Close\\" href=\\"#\\">Reply</a></div></div><div class=\\"isso-follow-up\\"><div class=\\"isso-comment\\" id=\\"isso-3\\" data-hash=\\"8c2488ea3011\\"><div class=\\"isso-avatar\\"><svg version=\\"1.1\\" viewBox=\\"0 0 48 48\\" preserveAspectRatio=\\"xMinYMin meet\\" shape-rendering=\\"crispEdges\\" data-hash=\\"8c2488ea3011\\"><rect x=\\"0\\" y=\\"0\\" width=\\"56\\" height=\\"56\\" style=\\"fill: #f0f0f0\\"></rect><rect x=\\"4\\" y=\\"4\\" width=\\"8\\" height=\\"8\\" style=\\"fill: #5698c4\\"></rect><rect x=\\"36\\" y=\\"4\\" width=\\"8\\" height=\\"8\\" style=\\"fill: #5698c4\\"></rect><rect x=\\"4\\" y=\\"36\\" width=\\"8\\" height=\\"8\\" style=\\"fill: #5698c4\\"></rect><rect x=\\"36\\" y=\\"36\\" width=\\"8\\" height=\\"8\\" style=\\"fill: #5698c4\\"></rect><rect x=\\"12\\" y=\\"4\\" width=\\"8\\" height=\\"8\\" style=\\"fill: #5698c4\\"></rect><rect x=\\"28\\" y=\\"4\\" width=\\"8\\" height=\\"8\\" style=\\"fill: #5698c4\\"></rect><rect x=\\"20\\" y=\\"28\\" width=\\"8\\" height=\\"8\\" style=\\"fill: #5698c4\\"></rect></svg></div><div class=\\"isso-text-wrapper\\"><div class=\\"isso-comment-header\\" role=\\"meta\\"><span class=\\"isso-author\\">Anonymous</span><span class=\\"isso-spacer\\">•</span><a class=\\"isso-permalink\\" href=\\"#isso-3\\"><time title=\\"Thu May 05 2022 17:08:26 GMT+0000 (Coordinated Universal Time)\\" datetime=\\"2022-05-05T17:08:26Z\\">right now</time></a><span class=\\"isso-note\\"></span></div><div class=\\"isso-text\\"><p>Hey, I'm a bit privacy conscious so I commented anonymously - which works great, thanks!</p>

<p>I struggle with a similar issue as Sue - could it be related to me only using five hydrocoptic marzelvanes?</p></div><div class=\\"isso-comment-footer\\"><span class=\\"isso-votes\\">1</span><a class=\\"isso-upvote\\" href=\\"#\\"><svg></svg></a><span class=\\"isso-spacer\\">|</span><a class=\\"isso-downvote\\" href=\\"#\\"><svg></svg></a><a class=\\"isso-reply\\" data-textreply=\\"Reply\\" data-textclose=\\"Close\\" href=\\"#\\">Reply</a></div></div><div class=\\"isso-follow-up\\"></div></div><div class=\\"isso-comment\\" id=\\"isso-4\\" data-hash=\\"0c7d4cd57a0f\\"><div class=\\"isso-avatar\\"><svg version=\\"1.1\\" viewBox=\\"0 0 48 48\\" preserveAspectRatio=\\"xMinYMin meet\\" shape-rendering=\\"crispEdges\\" data-hash=\\"0c7d4cd57a0f\\"><rect x=\\"0\\" y=\\"0\\" width=\\"56\\" height=\\"56\\" style=\\"fill: #f0f0f0\\"></rect><rect x=\\"4\\" y=\\"12\\" width=\\"8\\" height=\\"8\\" style=\\"fill: #447c69\\"></rect><rect x=\\"36\\" y=\\"12\\" width=\\"8\\" height=\\"8\\" style=\\"fill: #447c69\\"></rect><rect x=\\"4\\" y=\\"28\\" width=\\"8\\" height=\\"8\\" style=\\"fill: #447c69\\"></rect><rect x=\\"36\\" y=\\"28\\" width=\\"8\\" height=\\"8\\" style=\\"fill: #447c69\\"></rect><rect x=\\"4\\" y=\\"36\\" width=\\"8\\" height=\\"8\\" style=\\"fill: #447c69\\"></rect><rect x=\\"36\\" y=\\"36\\" width=\\"8\\" height=\\"8\\" style=\\"fill: #447c69\\"></rect><rect x=\\"12\\" y=\\"4\\" width=\\"8\\" height=\\"8\\" style=\\"fill: #447c69\\"></rect><rect x=\\"28\\" y=\\"4\\" width=\\"8\\" height=\\"8\\" style=\\"fill: #447c69\\"></rect><rect x=\\"12\\" y=\\"12\\" width=\\"8\\" height=\\"8\\" style=\\"fill: #447c69\\"></rect><rect x=\\"28\\" y=\\"12\\" width=\\"8\\" height=\\"8\\" style=\\"fill: #447c69\\"></rect><rect x=\\"12\\" y=\\"28\\" width=\\"8\\" height=\\"8\\" style=\\"fill: #447c69\\"></rect><rect x=\\"28\\" y=\\"28\\" width=\\"8\\" height=\\"8\\" style=\\"fill: #447c69\\"></rect><rect x=\\"20\\" y=\\"36\\" width=\\"8\\" height=\\"8\\" style=\\"fill: #447c69\\"></rect></svg></div><div class=\\"isso-text-wrapper\\"><div class=\\"isso-comment-header\\" role=\\"meta\\"><a class=\\"isso-author\\" href=\\"http://website.org\\" rel=\\"nofollow\\">John</a><span class=\\"isso-spacer\\">•</span><a class=\\"isso-permalink\\" href=\\"#isso-4\\"><time title=\\"Thu May 05 2022 17:14:07 GMT+0000 (Coordinated Universal Time)\\" datetime=\\"2022-05-05T17:14:07Z\\">right now</time></a><span class=\\"isso-note\\"></span></div><div class=\\"isso-text\\"><p>Hi sue, hi anonymous commenter, great to hear you enjoyed my article. Have you ensured that the two spurving bearings are in a direct line with the <code>pentametric fan</code>?</p></div><div class=\\"isso-comment-footer\\"><span class=\\"isso-votes\\">3</span><a class=\\"isso-upvote\\" href=\\"#\\"><svg></svg></a><span class=\\"isso-spacer\\">|</span><a class=\\"isso-downvote\\" href=\\"#\\"><svg></svg></a><a class=\\"isso-reply\\" data-textreply=\\"Reply\\" data-textclose=\\"Close\\" href=\\"#\\">Reply</a></div></div><div class=\\"isso-follow-up\\"></div></div></div></div><div class=\\"isso-comment\\" id=\\"isso-2\\" data-hash=\\"6688cdc5cb0b\\"><div class=\\"isso-avatar\\"><svg version=\\"1.1\\" viewBox=\\"0 0 48 48\\" preserveAspectRatio=\\"xMinYMin meet\\" shape-rendering=\\"crispEdges\\" data-hash=\\"6688cdc5cb0b\\"><rect x=\\"0\\" y=\\"0\\" width=\\"56\\" height=\\"56\\" style=\\"fill: #f0f0f0\\"></rect><rect x=\\"4\\" y=\\"12\\" width=\\"8\\" height=\\"8\\" style=\\"fill: #9163b6\\"></rect><rect x=\\"36\\" y=\\"12\\" width=\\"8\\" height=\\"8\\" style=\\"fill: #9163b6\\"></rect><rect x=\\"4\\" y=\\"20\\" width=\\"8\\" height=\\"8\\" style=\\"fill: #9163b6\\"></rect><rect x=\\"36\\" y=\\"20\\" width=\\"8\\" height=\\"8\\" style=\\"fill: #9163b6\\"></rect><rect x=\\"4\\" y=\\"28\\" width=\\"8\\" height=\\"8\\" style=\\"fill: #9163b6\\"></rect><rect x=\\"36\\" y=\\"28\\" width=\\"8\\" height=\\"8\\" style=\\"fill: #9163b6\\"></rect><rect x=\\"12\\" y=\\"12\\" width=\\"8\\" height=\\"8\\" style=\\"fill: #9163b6\\"></rect><rect x=\\"28\\" y=\\"12\\" width=\\"8\\" height=\\"8\\" style=\\"fill: #9163b6\\"></rect><rect x=\\"12\\" y=\\"28\\" width=\\"8\\" height=\\"8\\" style=\\"fill: #9163b6\\"></rect><rect x=\\"28\\" y=\\"28\\" width=\\"8\\" height=\\"8\\" style=\\"fill: #9163b6\\"></rect><rect x=\\"12\\" y=\\"36\\" width=\\"8\\" height=\\"8\\" style=\\"fill: #9163b6\\"></rect><rect x=\\"28\\" y=\\"36\\" width=\\"8\\" height=\\"8\\" style=\\"fill: #9163b6\\"></rect><rect x=\\"20\\" y=\\"36\\" width=\\"8\\" height=\\"8\\" style=\\"fill: #9163b6\\"></rect></svg></div><div class=\\"isso-text-wrapper\\"><div class=\\"isso-comment-header\\" role=\\"meta\\"><a class=\\"isso-author\\" href=\\"https://example.org\\" rel=\\"nofollow\\">Angelo</a><span class=\\"isso-spacer\\">•</span><a class=\\"isso-permalink\\" href=\\"#isso-2\\"><time title=\\"Thu May 05 2022 17:06:49 GMT+0000 (Coordinated Universal Time)\\" datetime=\\"2022-05-05T17:06:49Z\\">right now</time></a><span class=\\"isso-note\\"></span></div><div class=\\"isso-text\\"><p>Great to see you writing again, John! Looking forward to meeting up again and sharing family pictures.</p></div><div class=\\"isso-comment-footer\\"><span class=\\"isso-votes\\">4</span><a class=\\"isso-upvote\\" href=\\"#\\"><svg></svg></a><span class=\\"isso-spacer\\">|</span><a class=\\"isso-downvote\\" href=\\"#\\"><svg></svg></a><a class=\\"isso-reply\\" data-textreply=\\"Reply\\" data-textclose=\\"Close\\" href=\\"#\\">Reply</a></div></div><div class=\\"isso-follow-up\\"></div></div></div>"
`;
